node.exe : 
[2m[WebServer] [22m 
[33m[1mΓÜá[22m[39m
 Warning: Next.js 
inferred your 
workspace root, but 
it may not be correct.
At C:\Program Files\no
dejs\npx.ps1:29 char:3
+   & $NODE_EXE 
$NPX_CLI_JS $args
+   ~~~~~~~~~~~~~~~~~~
~~~~~~~~~~~
    + CategoryInfo    
          : NotSpeci  
  fied: ([2m[WebSe   
 rver]...not be co    
rrect.:String) []    
, RemoteException
    + FullyQualifiedE 
   rrorId : NativeCo  
  mmandError
 
[2m[WebServer] [22m 
We detected multiple 
lockfiles and 
selected the 
directory of C:\Users\
dondr\package-lock.jso
n as the root 
directory.
[2m[WebServer] [22m 
To silence this 
warning, set 
`turbopack.root` in 
your Next.js config, 
or consider removing 
one of the lockfiles 
if it's not needed.
[2m[WebServer] [22m 
  See https://nextjs.o
rg/docs/app/api-refere
nce/config/next-config
-js/turbopack#root-dir
ectory for more 
information.
[2m[WebServer] [22m 
Detected additional 
lockfiles: 
[2m[WebServer] [22m 
  * C:\Users\dondr\UME
B-Platform\frontend\pa
ckage-lock.json
[2m[WebServer] [22m

Running 2 tests using 2 workers

[2m[WebServer] [22m 
[33m[1mΓÜá[22m[39m
 Cross origin request 
detected from 
127.0.0.1 to /_next/* 
resource. In a future 
major version of 
Next.js, you will 
need to explicitly 
configure 
"allowedDevOrigins" 
in next.config to 
allow this.
[2m[WebServer] 
[22mRead more: https:
//nextjs.org/docs/app/
api-reference/config/n
ext-config-js/allowedD
evOrigins
[2m[WebServer] 
[22m(node:21772) 
[DEP0060] 
DeprecationWarning: 
The `util._extend` 
API is deprecated. 
Please use 
Object.assign() 
instead.
[2m[WebServer] 
[22m(Use `node 
--trace-deprecation 
...` to show where 
the warning was 
created)
[2m[WebServer] 
[22mFailed to proxy h
ttp://127.0.0.1:8000/a
pi/v1/login/access-tok
en Error: read 
ECONNRESET
[2m[WebServer] [22m 
   at 
[3mignore-listed 
frames[23m {
[2m[WebServer] [22m 
 errno: 
[33m-4077[39m,
[2m[WebServer] [22m 
 code: [32m'ECONNRESE
T'[39m,
[2m[WebServer] [22m 
 syscall: 
[32m'read'[39m
[2m[WebServer] [22m}
[2m[WebServer] 
[22mError: read 
ECONNRESET
[2m[WebServer] [22m 
   at 
[3mignore-listed 
frames[23m {
[2m[WebServer] [22m 
 errno: 
[33m-4077[39m,
[2m[WebServer] [22m 
 code: [32m'ECONNRESE
T'[39m,
[2m[WebServer] [22m 
 syscall: 
[32m'read'[39m
[2m[WebServer] [22m}
[2m[WebServer] 
[22mFailed to proxy h
ttp://127.0.0.1:8000/a
pi/v1/login/access-tok
en Error: read 
ECONNRESET
[2m[WebServer] [22m 
   at 
[3mignore-listed 
frames[23m {
[2m[WebServer] [22m 
 errno: 
[33m-4077[39m,
[2m[WebServer] [22m 
 code: [32m'ECONNRESE
T'[39m,
[2m[WebServer] [22m 
 syscall: 
[32m'read'[39m
[2m[WebServer] [22m}
[2m[WebServer] 
[22mError: read 
ECONNRESET
[2m[WebServer] [22m 
   at 
[3mignore-listed 
frames[23m {
[2m[WebServer] [22m 
 errno: 
[33m-4077[39m,
[2m[WebServer] [22m 
 code: [32m'ECONNRESE
T'[39m,
[2m[WebServer] [22m 
 syscall: 
[32m'read'[39m
[2m[WebServer] [22m}
  Γ£ÿ  1 [chromium] ΓÇ║ e2e\calendar.spec.ts:47:9 ΓÇ║ Event Calendar ΓÇ║ Calendar rendering (7.5s)
  Γ£ÿ  2 [chromium] ΓÇ║ e2e\calendar.spec.ts:17:9 ΓÇ║ Event Calendar ΓÇ║ Can toggle between List and Calendar views (7.6s)


  1) [chromium] ΓÇ║ e2e\calendar.spec.ts:17:9 ΓÇ║ Event Calendar ΓÇ║ Can toggle between List and Calendar views 

    Error: [2mexpect([22m[31mpage[39m[2m).[22mtoHaveURL[2m([22m[32mexpected[39m[2m)[22m failed

    Expected pattern: [32m/\/admin/[39m
    Received string:  [31m"http://127.0.0.1:3500/login"[39m
    Timeout: 5000ms

    Call log:
    [2m  - Expect "toHaveURL" with timeout 5000ms[22m
    [2m    9 ├ù unexpected value "http://127.0.0.1:3500/login"[22m


      12 |         await page.click('button[type="submit"]');
      13 |         // Wait for redirect to dashboard
    > 14 |         await expect(page).toHaveURL(/\/admin/);
         |                            ^
      15 |     });
      16 |
      17 |     test('Can toggle between List and Calendar views', async ({ page }) => {
        at C:\Users\dondr\UMEB-Platform\frontend\e2e\calendar.spec.ts:14:28

    Error Context: test-results\calendar-Event-Calendar-Ca-83fbf-een-List-and-Calendar-views-chromium\error-context.md

  2) [chromium] ΓÇ║ e2e\calendar.spec.ts:47:9 ΓÇ║ Event Calendar ΓÇ║ Calendar rendering ΓöÇΓöÇΓöÇΓöÇΓöÇΓöÇΓöÇΓöÇΓöÇΓöÇΓöÇΓöÇΓöÇΓöÇΓöÇΓöÇΓöÇΓöÇ

    Error: [2mexpect([22m[31mpage[39m[2m).[22mtoHaveURL[2m([22m[32mexpected[39m[2m)[22m failed

    Expected pattern: [32m/\/admin/[39m
    Received string:  [31m"http://127.0.0.1:3500/login"[39m
    Timeout: 5000ms

    Call log:
    [2m  - Expect "toHaveURL" with timeout 5000ms[22m
    [2m    9 ├ù unexpected value "http://127.0.0.1:3500/login"[22m


      12 |         await page.click('button[type="submit"]');
      13 |         // Wait for redirect to dashboard
    > 14 |         await expect(page).toHaveURL(/\/admin/);
         |                            ^
      15 |     });
      16 |
      17 |     test('Can toggle between List and Calendar views', async ({ page }) => {
        at C:\Users\dondr\UMEB-Platform\frontend\e2e\calendar.spec.ts:14:28

    Error Context: test-results\calendar-Event-Calendar-Calendar-rendering-chromium\error-context.md

  2 failed
    [chromium] ΓÇ║ e2e\calendar.spec.ts:17:9 ΓÇ║ Event Calendar ΓÇ║ Can toggle between List and Calendar views 
    [chromium] ΓÇ║ e2e\calendar.spec.ts:47:9 ΓÇ║ Event Calendar ΓÇ║ Calendar rendering ΓöÇΓöÇΓöÇΓöÇΓöÇΓöÇΓöÇΓöÇΓöÇΓöÇΓöÇΓöÇΓöÇΓöÇΓöÇΓöÇΓöÇΓöÇΓöÇ
