
Running 1 test using 1 worker

REQ: GET http://127.0.0.1:3500/login
REQ: GET http://127.0.0.1:3500/_next/static/media/797e433ab948586e-s.p.dbea232f.woff2
REQ: GET http://127.0.0.1:3500/_next/static/media/caa3a2e1cccd8315-s.p.853070df.woff2
REQ: GET http://127.0.0.1:3500/_next/static/chunks/%5Broot-of-the-server%5D__afb1d1dd._.css
REQ: GET http://127.0.0.1:3500/_next/static/chunks/%5Bturbopack%5D_browser_dev_hmr-client_hmr-client_ts_f51667c6._.js
REQ: GET http://127.0.0.1:3500/_next/static/chunks/82c92_next_dist_compiled_react-dom_f96f481f._.js
REQ: GET http://127.0.0.1:3500/_next/static/chunks/82c92_next_dist_compiled_react-server-dom-turbopack_be3b92d4._.js
REQ: GET http://127.0.0.1:3500/_next/static/chunks/82c92_next_dist_compiled_next-devtools_index_a9a1f1f2.js
REQ: GET http://127.0.0.1:3500/_next/static/chunks/82c92_next_dist_compiled_5c1852bb._.js
REQ: GET http://127.0.0.1:3500/_next/static/chunks/82c92_next_dist_client_da231655._.js
REQ: GET http://127.0.0.1:3500/_next/static/chunks/82c92_next_dist_277c0ac3._.js
REQ: GET http://127.0.0.1:3500/_next/static/chunks/82c92_%40swc_helpers_cjs_d6a2c619._.js
REQ: GET http://127.0.0.1:3500/_next/static/chunks/UMEB-Platform_frontend_a0ff3932._.js
REQ: GET http://127.0.0.1:3500/_next/static/chunks/turbopack-UMEB-Platform_frontend_5fc080d1._.js
REQ: GET http://127.0.0.1:3500/_next/static/chunks/82c92_next_dist_68cf6f93._.js
REQ: GET http://127.0.0.1:3500/_next/static/chunks/UMEB-Platform_frontend_src_app_favicon_ico_mjs_2641901b._.js
REQ: GET http://127.0.0.1:3500/_next/static/chunks/82c92_b572d371._.js
REQ: GET http://127.0.0.1:3500/_next/static/chunks/UMEB-Platform_frontend_src_3c850f3d._.js
REQ: GET http://127.0.0.1:3500/_next/static/chunks/UMEB-Platform_frontend_src_app_layout_tsx_cdcf9261._.js
REQ: GET http://127.0.0.1:3500/_next/static/chunks/UMEB-Platform_frontend_src_bf5d138f._.js
REQ: GET http://127.0.0.1:3500/_next/static/chunks/UMEB-Platform_frontend_src_app_login_page_tsx_b2cc706d._.js
REQ: GET http://127.0.0.1:3500/_next/static/chunks/82c92_next_dist_client_components_builtin_global-error_cdcf9261.js
REQ: GET http://127.0.0.1:3500/_next/image?url=%2FUMEB%20LOGO.jpg&w=1920&q=75
PAGE LOG: %cDownload the React DevTools for a better development experience: https://react.dev/link/react-devtools font-weight:bold
REQ: GET http://127.0.0.1:3500/_next/static/chunks/%5Bturbopack%5D_browser_dev_hmr-client_hmr-client_ts_c8c997ce._.js
REQ: GET http://127.0.0.1:3500/_next/static/chunks/%5Bturbopack%5D_browser_dev_hmr-client_hmr-client_ts_bffd00b0._.js
PAGE LOG: [HMR] connected
PAGE LOG: Image with src "/UMEB LOGO.jpg" has "fill" but is missing "sizes" prop. Please add it to improve page performance. Read more: https://nextjs.org/docs/api-reference/next/image#sizes
PAGE LOG: [Fast Refresh] rebuilding
PAGE LOG: [Fast Refresh] done in 255ms
REQ: POST http://127.0.0.1:3500/api/v1/login/access-token
Mock hit (Login): http://127.0.0.1:3500/api/v1/login/access-token
REQ: GET http://127.0.0.1:3500/admin?_rsc=5c339
PAGE LOG: [Fast Refresh] rebuilding
REQ: GET http://127.0.0.1:3500/__nextjs_font/geist-latin.woff2
PAGE LOG: [Fast Refresh] done in 991ms
REQ: GET http://127.0.0.1:3500/_next/static/chunks/UMEB-Platform_frontend_4e8adaf9._.js
REQ: GET http://127.0.0.1:3500/_next/static/chunks/UMEB-Platform_frontend_src_app_admin_layout_tsx_b2cc706d._.js
REQ: GET http://127.0.0.1:3500/_next/static/chunks/UMEB-Platform_frontend_9ce214b1._.js
REQ: GET http://127.0.0.1:3500/_next/static/chunks/UMEB-Platform_frontend_src_app_admin_page_tsx_e2f11fbb._.js
REQ: GET http://127.0.0.1:3500/_next/static/chunks/UMEB-Platform_frontend_4e8adaf9._.js
REQ: GET http://127.0.0.1:3500/_next/static/chunks/UMEB-Platform_frontend_src_app_admin_layout_tsx_b2cc706d._.js
REQ: GET http://127.0.0.1:3500/_next/static/chunks/UMEB-Platform_frontend_9ce214b1._.js
REQ: GET http://127.0.0.1:3500/_next/static/chunks/UMEB-Platform_frontend_src_app_admin_page_tsx_e2f11fbb._.js
REQ: GET http://127.0.0.1:3500/admin/events
PAGE LOG: [Fast Refresh] rebuilding
PAGE LOG: [Fast Refresh] done in 2999ms
REQ: GET http://127.0.0.1:3500/_next/static/media/797e433ab948586e-s.p.dbea232f.woff2
REQ: GET http://127.0.0.1:3500/_next/static/media/caa3a2e1cccd8315-s.p.853070df.woff2
REQ: GET http://127.0.0.1:3500/_next/static/chunks/%5Broot-of-the-server%5D__afb1d1dd._.css
REQ: GET http://127.0.0.1:3500/_next/static/chunks/82c92_react-big-calendar_lib_css_react-big-calendar_483a4685.css
REQ: GET http://127.0.0.1:3500/_next/static/chunks/%5Bturbopack%5D_browser_dev_hmr-client_hmr-client_ts_f51667c6._.js
REQ: GET http://127.0.0.1:3500/_next/static/chunks/82c92_next_dist_compiled_react-dom_f96f481f._.js
REQ: GET http://127.0.0.1:3500/_next/static/chunks/82c92_next_dist_compiled_react-server-dom-turbopack_be3b92d4._.js
REQ: GET http://127.0.0.1:3500/_next/static/chunks/82c92_next_dist_compiled_next-devtools_index_a9a1f1f2.js
REQ: GET http://127.0.0.1:3500/_next/static/chunks/82c92_next_dist_compiled_5c1852bb._.js
REQ: GET http://127.0.0.1:3500/_next/static/chunks/82c92_next_dist_client_da231655._.js
REQ: GET http://127.0.0.1:3500/_next/static/chunks/82c92_next_dist_277c0ac3._.js
REQ: GET http://127.0.0.1:3500/_next/static/chunks/82c92_%40swc_helpers_cjs_d6a2c619._.js
REQ: GET http://127.0.0.1:3500/_next/static/chunks/UMEB-Platform_frontend_a0ff3932._.js
REQ: GET http://127.0.0.1:3500/_next/static/chunks/turbopack-UMEB-Platform_frontend_5fc080d1._.js
REQ: GET http://127.0.0.1:3500/_next/static/chunks/82c92_next_dist_68cf6f93._.js
REQ: GET http://127.0.0.1:3500/_next/static/chunks/UMEB-Platform_frontend_src_app_favicon_ico_mjs_2641901b._.js
REQ: GET http://127.0.0.1:3500/_next/static/chunks/82c92_b572d371._.js
REQ: GET http://127.0.0.1:3500/_next/static/chunks/UMEB-Platform_frontend_src_3c850f3d._.js
REQ: GET http://127.0.0.1:3500/_next/static/chunks/UMEB-Platform_frontend_src_app_layout_tsx_cdcf9261._.js
REQ: GET http://127.0.0.1:3500/_next/static/chunks/UMEB-Platform_frontend_4e8adaf9._.js
REQ: GET http://127.0.0.1:3500/_next/static/chunks/UMEB-Platform_frontend_src_app_admin_layout_tsx_b2cc706d._.js
REQ: GET http://127.0.0.1:3500/_next/static/chunks/82c92_058e7b0a._.js
REQ: GET http://127.0.0.1:3500/_next/static/chunks/UMEB-Platform_frontend_src_b1ea1b03._.js
REQ: GET http://127.0.0.1:3500/_next/static/chunks/UMEB-Platform_frontend_src_app_admin_events_page_tsx_e2f11fbb._.js
REQ: GET http://127.0.0.1:3500/_next/static/chunks/82c92_next_dist_client_components_builtin_global-error_cdcf9261.js
REQ: GET http://127.0.0.1:3500/_next/image?url=%2FUMEB%20LOGO.jpg&w=1920&q=75
PAGE LOG: %cDownload the React DevTools for a better development experience: https://react.dev/link/react-devtools font-weight:bold
REQ: GET http://127.0.0.1:3500/_next/static/chunks/%5Bturbopack%5D_browser_dev_hmr-client_hmr-client_ts_c8c997ce._.js
REQ: GET http://127.0.0.1:3500/_next/static/chunks/%5Bturbopack%5D_browser_dev_hmr-client_hmr-client_ts_bffd00b0._.js
PAGE LOG: [HMR] connected
REQ: GET http://127.0.0.1:3500/api/v1/users/me
Mock hit (Me): http://127.0.0.1:3500/api/v1/users/me
REQ: GET http://127.0.0.1:3500/api/v1/events/
Mock hit (Events): http://127.0.0.1:3500/api/v1/events/
PAGE LOG: Image with src "/UMEB LOGO.jpg" has "fill" but is missing "sizes" prop. Please add it to improve page performance. Read more: https://nextjs.org/docs/api-reference/next/image#sizes
PAGE LOG: [Fast Refresh] rebuilding
PAGE LOG: [Fast Refresh] done in 206ms
PAGE LOG: Your app (or one of its dependencies) is using an outdated JSX transform. Update to the modern JSX transform for faster performance: https://react.dev/link/new-jsx-transform
  Γ£ô  1 [chromium] ΓÇ║ e2e\calendar.spec.ts:79:9 ΓÇ║ Event Calendar ΓÇ║ Can toggle between List and Calendar views (7.9s)

  1 passed (21.2s)
